src/components/Certifications.tsx(1,1): error TS6133: 'React' is declared but its value is never read.
src/components/CursorTrail.tsx(1,8): error TS6133: 'React' is declared but its value is never read.
src/components/Experience.tsx(1,1): error TS6133: 'React' is declared but its value is never read.
src/components/PerspectiveGrid.tsx(1,1): error TS6133: 'React' is declared but its value is never read.
src/components/ProjectModal.tsx(1,8): error TS6133: 'React' is declared but its value is never read.
src/components/Projects.tsx(1,8): error TS6133: 'React' is declared but its value is never read.
src/components/ScanlineOverlay.tsx(1,1): error TS6133: 'React' is declared but its value is never read.
src/components/Skills.tsx(1,1): error TS6133: 'React' is declared but its value is never read.
src/components/ui/GlitchText.tsx(1,1): error TS6133: 'React' is declared but its value is never read.
